// Jest Snapshot v1, https://goo.gl/fbAQLP

exports[`WeatherForecast test should render correctly 1`] = `
<div>
  <div
    class="MuiContainer-root MuiContainer-maxWidthLg"
  >
    <div
      class="MuiGrid-root MuiGrid-container MuiGrid-spacing-xs-4"
    >
      <div
        class="MuiGrid-root MuiGrid-item MuiGrid-grid-xs-12 MuiGrid-grid-sm-6"
      >
        <input
          data-testid="mock-search-bar"
          type="text"
        />
      </div>
      <div
        class="MuiGrid-root MuiGrid-item MuiGrid-grid-xs-12"
      >
        <div>
           Mock WeatherPanel
        </div>
      </div>
    </div>
  </div>
</div>
`;
