// Jest Snapshot v1, https://goo.gl/fbAQLP

exports[`Loading test should render correctly 1`] = `
<div>
  <div
    class="MuiGrid-root makeStyles-container-1"
  >
    <div
      class="MuiCircularProgress-root makeStyles-loading-2 MuiCircularProgress-colorPrimary MuiCircularProgress-indeterminate"
      role="progressbar"
      style="width: 36px; height: 36px;"
    >
      <svg
        class="MuiCircularProgress-svg"
        viewBox="22 22 44 44"
      >
        <circle
          class="MuiCircularProgress-circle MuiCircularProgress-circleIndeterminate"
          cx="44"
          cy="44"
          fill="none"
          r="20.2"
          stroke-width="3.6"
        />
      </svg>
    </div>
  </div>
</div>
`;
